Patient split: 388 / 48 / 48
Target: Whole Tumour (WT): label > 0
Input modalities: {'FLAIR': 0, 'T1-Gd': 2, 'T2': 3}
Patient leakage check: PASS
Device: cuda
GPU: Tesla T4
PyTorch: 1.11.0+cu113
Train patients per epoch: 388
Train batches per epoch: 49
Validation slices: 480
Validation batches: 30
Preflight image batch: (2, 3, 352, 352)
Preflight mask batch: (2, 1, 352, 352)
Preflight foreground fraction: 0.018756
Model pvt_v2_b2 backbone:  created, param count: 24849856
Model EMCAD decoder:  created, param count: 1913515
Encoder: pvt_v2_b2 | Decoder: EMCAD
Total parameters: 26.764M
Output p1: (1, 1, 352, 352)
Output p2: (1, 1, 352, 352)
Output p3: (1, 1, 352, 352)
Output p4: (1, 1, 352, 352)
Model pvt_v2_b2 backbone:  created, param count: 24849856
Model EMCAD decoder:  created, param count: 1913515
2026-10-05 05:15:52.184306 Epoch [001/200], Step [0025/0049], LR: 0.000500, Loss: 4.3042
2026-10-05 05:18:01.318414 Epoch [001/200], Step [0049/0049], LR: 0.000500, Loss: 3.6078
Epoch: 001, Dataset: val, Dice: 0.8104, IoU: 0.6812, Time: 282.9s
### Best Model Saved (Dice improved from -1.0000 to 0.8104) ###
2026-10-05 05:20:39.715529 Epoch [002/200], Step [0025/0049], LR: 0.000500, Loss: 2.6874
2026-10-05 05:22:49.366102 Epoch [002/200], Step [0049/0049], LR: 0.000500, Loss: 2.6854
Epoch: 002, Dataset: val, Dice: 0.8268, IoU: 0.7048, Time: 287.4s
### Best Model Saved (Dice improved from 0.8104 to 0.8268) ###
2026-10-05 05:25:27.728868 Epoch [003/200], Step [0025/0049], LR: 0.000500, Loss: 2.4757
2026-10-05 05:27:37.205944 Epoch [003/200], Step [0049/0049], LR: 0.000500, Loss: 2.4680
Epoch: 003, Dataset: val, Dice: 0.8420, IoU: 0.7271, Time: 287.0s
### Best Model Saved (Dice improved from 0.8268 to 0.8420) ###
2026-10-05 05:30:15.298072 Epoch [004/200], Step [0025/0049], LR: 0.000500, Loss: 2.6136
2026-10-05 05:32:25.019524 Epoch [004/200], Step [0049/0049], LR: 0.000500, Loss: 2.5375
Epoch: 004, Dataset: val, Dice: 0.8370, IoU: 0.7196, Time: 287.0s
2026-10-05 05:35:01.257658 Epoch [005/200], Step [0025/0049], LR: 0.000500, Loss: 2.3672
2026-10-05 05:37:08.487066 Epoch [005/200], Step [0049/0049], LR: 0.000500, Loss: 2.4788
Epoch: 005, Dataset: val, Dice: 0.8522, IoU: 0.7424, Time: 282.8s
### Best Model Saved (Dice improved from 0.8420 to 0.8522) ###
2026-10-05 05:39:44.743362 Epoch [006/200], Step [0025/0049], LR: 0.000499, Loss: 2.1606
2026-10-05 05:41:51.987261 Epoch [006/200], Step [0049/0049], LR: 0.000499, Loss: 2.2255
Epoch: 006, Dataset: val, Dice: 0.8633, IoU: 0.7594, Time: 282.6s
### Best Model Saved (Dice improved from 0.8522 to 0.8633) ###
2026-10-05 05:44:27.833452 Epoch [007/200], Step [0025/0049], LR: 0.000499, Loss: 2.3373
2026-10-05 05:46:35.394446 Epoch [007/200], Step [0049/0049], LR: 0.000499, Loss: 2.3414
Epoch: 007, Dataset: val, Dice: 0.7594, IoU: 0.6122, Time: 282.8s
2026-10-05 05:49:11.078668 Epoch [008/200], Step [0025/0049], LR: 0.000498, Loss: 2.6365
2026-10-05 05:51:18.374793 Epoch [008/200], Step [0049/0049], LR: 0.000498, Loss: 2.6162
Epoch: 008, Dataset: val, Dice: 0.8354, IoU: 0.7173, Time: 282.4s
2026-10-05 05:53:54.222874 Epoch [009/200], Step [0025/0049], LR: 0.000498, Loss: 2.3368
2026-10-05 05:56:01.721444 Epoch [009/200], Step [0049/0049], LR: 0.000498, Loss: 2.2587
Epoch: 009, Dataset: val, Dice: 0.8345, IoU: 0.7160, Time: 282.7s
2026-10-05 05:58:37.620085 Epoch [010/200], Step [0025/0049], LR: 0.000498, Loss: 2.0675
2026-10-05 06:00:45.074264 Epoch [010/200], Step [0049/0049], LR: 0.000498, Loss: 2.2681
Epoch: 010, Dataset: val, Dice: 0.6604, IoU: 0.4930, Time: 282.8s
2026-10-05 06:03:20.969669 Epoch [011/200], Step [0025/0049], LR: 0.000497, Loss: 2.5473
2026-10-05 06:05:28.447524 Epoch [011/200], Step [0049/0049], LR: 0.000497, Loss: 2.4269
Epoch: 011, Dataset: val, Dice: 0.8637, IoU: 0.7601, Time: 282.9s
### Best Model Saved (Dice improved from 0.8633 to 0.8637) ###
2026-10-05 06:08:04.351507 Epoch [012/200], Step [0025/0049], LR: 0.000496, Loss: 2.4293
2026-10-05 06:10:11.771084 Epoch [012/200], Step [0049/0049], LR: 0.000496, Loss: 2.3168
Epoch: 012, Dataset: val, Dice: 0.8734, IoU: 0.7753, Time: 282.5s
### Best Model Saved (Dice improved from 0.8637 to 0.8734) ###
2026-10-05 06:12:47.742919 Epoch [013/200], Step [0025/0049], LR: 0.000496, Loss: 2.3843
2026-10-05 06:14:55.234461 Epoch [013/200], Step [0049/0049], LR: 0.000496, Loss: 2.3590
Epoch: 013, Dataset: val, Dice: 0.8576, IoU: 0.7507, Time: 282.7s
2026-10-05 06:17:31.164091 Epoch [014/200], Step [0025/0049], LR: 0.000495, Loss: 2.2951
2026-10-05 06:19:38.644654 Epoch [014/200], Step [0049/0049], LR: 0.000495, Loss: 2.2907
Epoch: 014, Dataset: val, Dice: 0.8411, IoU: 0.7257, Time: 282.9s
2026-10-05 06:22:14.408804 Epoch [015/200], Step [0025/0049], LR: 0.000494, Loss: 2.2671
2026-10-05 06:24:21.777757 Epoch [015/200], Step [0049/0049], LR: 0.000494, Loss: 2.4044
Epoch: 015, Dataset: val, Dice: 0.8584, IoU: 0.7519, Time: 282.6s
2026-10-05 06:26:57.615324 Epoch [016/200], Step [0025/0049], LR: 0.000493, Loss: 2.1723
2026-10-05 06:29:05.095494 Epoch [016/200], Step [0049/0049], LR: 0.000493, Loss: 2.1692
Epoch: 016, Dataset: val, Dice: 0.8678, IoU: 0.7665, Time: 282.8s
2026-10-05 06:31:40.905475 Epoch [017/200], Step [0025/0049], LR: 0.000492, Loss: 2.1302
2026-10-05 06:33:48.358576 Epoch [017/200], Step [0049/0049], LR: 0.000492, Loss: 2.2430
Epoch: 017, Dataset: val, Dice: 0.8552, IoU: 0.7470, Time: 282.7s
2026-10-05 06:36:24.241855 Epoch [018/200], Step [0025/0049], LR: 0.000491, Loss: 2.0847
2026-10-05 06:38:31.561186 Epoch [018/200], Step [0049/0049], LR: 0.000491, Loss: 2.2188
Epoch: 018, Dataset: val, Dice: 0.8406, IoU: 0.7251, Time: 282.6s
2026-10-05 06:41:07.217488 Epoch [019/200], Step [0025/0049], LR: 0.000490, Loss: 2.1613
2026-10-05 06:43:14.536357 Epoch [019/200], Step [0049/0049], LR: 0.000490, Loss: 2.2795
Epoch: 019, Dataset: val, Dice: 0.8278, IoU: 0.7062, Time: 282.4s
2026-10-05 06:45:50.175267 Epoch [020/200], Step [0025/0049], LR: 0.000489, Loss: 2.2285
2026-10-05 06:47:57.561024 Epoch [020/200], Step [0049/0049], LR: 0.000489, Loss: 2.2095
Epoch: 020, Dataset: val, Dice: 0.7982, IoU: 0.6641, Time: 282.5s
2026-10-05 06:50:33.169066 Epoch [021/200], Step [0025/0049], LR: 0.000488, Loss: 2.0976
2026-10-05 06:52:40.475894 Epoch [021/200], Step [0049/0049], LR: 0.000488, Loss: 2.1122
Epoch: 021, Dataset: val, Dice: 0.8833, IoU: 0.7910, Time: 282.4s
### Best Model Saved (Dice improved from 0.8734 to 0.8833) ###
2026-10-05 06:55:16.328867 Epoch [022/200], Step [0025/0049], LR: 0.000487, Loss: 2.5199
2026-10-05 06:57:23.704793 Epoch [022/200], Step [0049/0049], LR: 0.000487, Loss: 2.3016
Epoch: 022, Dataset: val, Dice: 0.8475, IoU: 0.7353, Time: 282.4s
2026-10-05 06:59:59.497178 Epoch [023/200], Step [0025/0049], LR: 0.000485, Loss: 2.0848
2026-10-05 07:02:06.621447 Epoch [023/200], Step [0049/0049], LR: 0.000485, Loss: 2.1965
Epoch: 023, Dataset: val, Dice: 0.8565, IoU: 0.7490, Time: 282.4s
2026-10-05 07:04:42.655158 Epoch [024/200], Step [0025/0049], LR: 0.000484, Loss: 2.3412
2026-10-05 07:06:50.840204 Epoch [024/200], Step [0049/0049], LR: 0.000484, Loss: 2.3154
Epoch: 024, Dataset: val, Dice: 0.7395, IoU: 0.5867, Time: 283.8s
2026-10-05 07:09:27.906426 Epoch [025/200], Step [0025/0049], LR: 0.000482, Loss: 2.7340
2026-10-05 07:11:36.273864 Epoch [025/200], Step [0049/0049], LR: 0.000482, Loss: 2.4600
Epoch: 025, Dataset: val, Dice: 0.8617, IoU: 0.7571, Time: 284.7s
2026-10-05 07:14:12.948200 Epoch [026/200], Step [0025/0049], LR: 0.000481, Loss: 2.4733
2026-10-05 07:16:20.927134 Epoch [026/200], Step [0049/0049], LR: 0.000481, Loss: 2.3962
Epoch: 026, Dataset: val, Dice: 0.8698, IoU: 0.7696, Time: 284.2s
2026-10-05 07:18:57.464169 Epoch [027/200], Step [0025/0049], LR: 0.000479, Loss: 2.4075
2026-10-05 07:21:05.086021 Epoch [027/200], Step [0049/0049], LR: 0.000479, Loss: 2.3204
Epoch: 027, Dataset: val, Dice: 0.8062, IoU: 0.6754, Time: 283.5s
2026-10-05 07:23:41.550995 Epoch [028/200], Step [0025/0049], LR: 0.000478, Loss: 2.1675
2026-10-05 07:25:49.421924 Epoch [028/200], Step [0049/0049], LR: 0.000478, Loss: 2.1971
Epoch: 028, Dataset: val, Dice: 0.8694, IoU: 0.7690, Time: 283.8s
2026-10-05 07:28:26.050795 Epoch [029/200], Step [0025/0049], LR: 0.000476, Loss: 2.2502
2026-10-05 07:30:34.257304 Epoch [029/200], Step [0049/0049], LR: 0.000476, Loss: 2.2151
Epoch: 029, Dataset: val, Dice: 0.8639, IoU: 0.7604, Time: 284.2s
2026-10-05 07:33:10.597123 Epoch [030/200], Step [0025/0049], LR: 0.000475, Loss: 2.1714
2026-10-05 07:35:18.271757 Epoch [030/200], Step [0049/0049], LR: 0.000475, Loss: 2.3074
Epoch: 030, Dataset: val, Dice: 0.8567, IoU: 0.7493, Time: 283.3s
2026-10-05 07:37:54.353780 Epoch [031/200], Step [0025/0049], LR: 0.000473, Loss: 2.4084
2026-10-05 07:40:02.079056 Epoch [031/200], Step [0049/0049], LR: 0.000473, Loss: 2.3353
Epoch: 031, Dataset: val, Dice: 0.8468, IoU: 0.7344, Time: 283.3s
2026-10-05 07:42:38.348642 Epoch [032/200], Step [0025/0049], LR: 0.000471, Loss: 2.0218
2026-10-05 07:44:46.002942 Epoch [032/200], Step [0049/0049], LR: 0.000471, Loss: 2.0905
Epoch: 032, Dataset: val, Dice: 0.8659, IoU: 0.7636, Time: 283.4s
2026-10-05 07:47:22.194550 Epoch [033/200], Step [0025/0049], LR: 0.000469, Loss: 2.1810
2026-10-05 07:49:29.799546 Epoch [033/200], Step [0049/0049], LR: 0.000469, Loss: 2.1896
Epoch: 033, Dataset: val, Dice: 0.8604, IoU: 0.7549, Time: 283.2s
2026-10-05 07:52:06.044724 Epoch [034/200], Step [0025/0049], LR: 0.000467, Loss: 2.2484
2026-10-05 07:54:13.737560 Epoch [034/200], Step [0049/0049], LR: 0.000467, Loss: 2.3948
Epoch: 034, Dataset: val, Dice: 0.8488, IoU: 0.7373, Time: 283.5s
2026-10-05 07:56:49.673971 Epoch [035/200], Step [0025/0049], LR: 0.000465, Loss: 2.2020
2026-10-05 07:58:57.247906 Epoch [035/200], Step [0049/0049], LR: 0.000465, Loss: 2.1557
Epoch: 035, Dataset: val, Dice: 0.8574, IoU: 0.7504, Time: 283.0s
2026-10-05 08:01:33.528389 Epoch [036/200], Step [0025/0049], LR: 0.000463, Loss: 2.0999
2026-10-05 08:03:41.141433 Epoch [036/200], Step [0049/0049], LR: 0.000463, Loss: 2.0690
Epoch: 036, Dataset: val, Dice: 0.8856, IoU: 0.7947, Time: 283.3s
### Best Model Saved (Dice improved from 0.8833 to 0.8856) ###
2026-10-05 08:06:17.388943 Epoch [037/200], Step [0025/0049], LR: 0.000461, Loss: 1.9790
2026-10-05 08:08:25.121479 Epoch [037/200], Step [0049/0049], LR: 0.000461, Loss: 2.0431
Epoch: 037, Dataset: val, Dice: 0.8647, IoU: 0.7617, Time: 283.2s
2026-10-05 08:11:01.282055 Epoch [038/200], Step [0025/0049], LR: 0.000459, Loss: 1.8344
2026-10-05 08:13:08.800607 Epoch [038/200], Step [0049/0049], LR: 0.000459, Loss: 1.9832
Epoch: 038, Dataset: val, Dice: 0.8699, IoU: 0.7697, Time: 283.1s
2026-10-05 08:15:44.777709 Epoch [039/200], Step [0025/0049], LR: 0.000457, Loss: 2.2230
2026-10-05 08:17:52.403271 Epoch [039/200], Step [0049/0049], LR: 0.000457, Loss: 2.1496
Epoch: 039, Dataset: val, Dice: 0.8678, IoU: 0.7664, Time: 283.2s
2026-10-05 08:20:28.463601 Epoch [040/200], Step [0025/0049], LR: 0.000455, Loss: 2.0814
2026-10-05 08:22:35.992733 Epoch [040/200], Step [0049/0049], LR: 0.000455, Loss: 2.1260
Epoch: 040, Dataset: val, Dice: 0.8822, IoU: 0.7892, Time: 283.0s
2026-10-05 08:25:11.977795 Epoch [041/200], Step [0025/0049], LR: 0.000452, Loss: 2.2592
2026-10-05 08:27:19.665445 Epoch [041/200], Step [0049/0049], LR: 0.000452, Loss: 2.1766
Epoch: 041, Dataset: val, Dice: 0.8782, IoU: 0.7829, Time: 283.1s
2026-10-05 08:29:55.753303 Epoch [042/200], Step [0025/0049], LR: 0.000450, Loss: 2.0416
2026-10-05 08:32:03.118230 Epoch [042/200], Step [0049/0049], LR: 0.000450, Loss: 2.1198
Epoch: 042, Dataset: val, Dice: 0.8608, IoU: 0.7556, Time: 282.8s
2026-10-05 08:34:39.344829 Epoch [043/200], Step [0025/0049], LR: 0.000448, Loss: 2.3874
2026-10-05 08:36:46.732510 Epoch [043/200], Step [0049/0049], LR: 0.000448, Loss: 2.3715
Epoch: 043, Dataset: val, Dice: 0.8056, IoU: 0.6744, Time: 283.2s
2026-10-05 08:39:22.499818 Epoch [044/200], Step [0025/0049], LR: 0.000445, Loss: 2.3270
2026-10-05 08:41:29.731438 Epoch [044/200], Step [0049/0049], LR: 0.000445, Loss: 2.2521
Epoch: 044, Dataset: val, Dice: 0.8577, IoU: 0.7508, Time: 282.5s
2026-10-05 08:44:05.628396 Epoch [045/200], Step [0025/0049], LR: 0.000443, Loss: 1.8633
2026-10-05 08:46:13.077343 Epoch [045/200], Step [0049/0049], LR: 0.000443, Loss: 2.0165
Epoch: 045, Dataset: val, Dice: 0.8617, IoU: 0.7570, Time: 282.8s
2026-10-05 08:48:49.091281 Epoch [046/200], Step [0025/0049], LR: 0.000440, Loss: 2.2257
2026-10-05 08:50:57.038742 Epoch [046/200], Step [0049/0049], LR: 0.000440, Loss: 2.2717
Epoch: 046, Dataset: val, Dice: 0.8606, IoU: 0.7553, Time: 283.5s
2026-10-05 08:53:33.313409 Epoch [047/200], Step [0025/0049], LR: 0.000438, Loss: 2.1882
2026-10-05 08:55:41.071342 Epoch [047/200], Step [0049/0049], LR: 0.000438, Loss: 2.1575
Epoch: 047, Dataset: val, Dice: 0.8761, IoU: 0.7795, Time: 283.6s
2026-10-05 08:58:17.315516 Epoch [048/200], Step [0025/0049], LR: 0.000435, Loss: 2.0797
2026-10-05 09:00:25.263343 Epoch [048/200], Step [0049/0049], LR: 0.000435, Loss: 2.1901
Epoch: 048, Dataset: val, Dice: 0.8801, IoU: 0.7859, Time: 283.6s
2026-10-05 09:03:01.602046 Epoch [049/200], Step [0025/0049], LR: 0.000432, Loss: 2.1125
2026-10-05 09:05:09.353777 Epoch [049/200], Step [0049/0049], LR: 0.000432, Loss: 2.1522
Epoch: 049, Dataset: val, Dice: 0.8643, IoU: 0.7611, Time: 283.5s
2026-10-05 09:07:45.543061 Epoch [050/200], Step [0025/0049], LR: 0.000430, Loss: 2.0979
2026-10-05 09:09:53.395083 Epoch [050/200], Step [0049/0049], LR: 0.000430, Loss: 2.0694
Epoch: 050, Dataset: val, Dice: 0.8844, IoU: 0.7927, Time: 283.5s

========================================================================
BRATS RUN 1 — PART 2 COMPLETE
========================================================================
Completed epochs: 1–50 / 200
Best validation epoch: 36
Best validation Dice: 0.8856
Stage training time: 3.94 hours
Test set evaluated: NO
Next epoch: 51
========================================================================
