Free disk before download: 19.50 GiB
Downloading:
https://msd-for-monai.s3-us-west-2.amazonaws.com/Task01_BrainTumour.tar
  % Total    % Received % Xferd  Average Speed   Time    Time     Time  Current
                                 Dload  Upload   Total   Spent    Left  Speed

  0     0    0     0    0     0      0      0 --:--:-- --:--:-- --:--:--     0
  0 7255M    0 51718    0     0   131k      0 15:43:42 --:--:-- 15:43:42  131k
  0 7255M    0 16.0M    0     0  11.5M      0  0:10:28  0:00:01  0:10:27 11.5M
  0 7255M    0 57.0M    0     0  23.7M      0  0:05:05  0:00:02  0:05:03 23.7M
  1 7255M    1 87.0M    0     0  25.6M      0  0:04:42  0:00:03  0:04:39 25.6M
  1 7255M    1  117M    0     0  26.7M      0  0:04:31  0:00:04  0:04:27 26.7M
  2 7255M    2  148M    0     0  27.7M      0  0:04:21  0:00:05  0:04:16 29.8M
  2 7255M    2  181M    0     0  28.6M      0  0:04:13  0:00:06  0:04:07 33.3M
  2 7255M    2  215M    0     0  29.2M      0  0:04:07  0:00:07  0:04:00 31.9M
  3 7255M    3  249M    0     0  29.8M      0  0:04:03  0:00:08  0:03:55 32.7M
  3 7255M    3  285M    0     0  30.3M      0  0:03:58  0:00:09  0:03:49 33.5M
  4 7255M    4  319M    0     0  30.7M      0  0:03:55  0:00:10  0:03:45 34.0M
  4 7255M    4  353M    0     0  31.1M      0  0:03:53  0:00:11  0:03:42 34.2M
  5 7255M    5  387M    0     0  31.3M      0  0:03:51  0:00:12  0:03:39 34.4M
  5 7255M    5  422M    0     0  31.6M      0  0:03:49  0:00:13  0:03:36 34.5M
  6 7255M    6  458M    0     0  31.8M      0  0:03:47  0:00:14  0:03:33 34.7M
  6 7255M    6  492M    0     0  32.0M      0  0:03:46  0:00:15  0:03:31 34.7M
  7 7255M    7  520M    0     0  31.8M      0  0:03:48  0:00:16  0:03:32 33.4M
  7 7255M    7  547M    0     0  31.5M      0  0:03:50  0:00:17  0:03:33 31.9M
  7 7255M    7  576M    0     0  31.4M      0  0:03:50  0:00:18  0:03:32 30.8M
  8 7255M    8  608M    0     0  31.4M      0  0:03:50  0:00:19  0:03:31 30.0M
  8 7255M    8  640M    0     0  31.4M      0  0:03:50  0:00:20  0:03:30 29.6M
  9 7255M    9  673M    0     0  31.5M      0  0:03:49  0:00:21  0:03:28 30.6M
  9 7255M    9  707M    0     0  31.6M      0  0:03:49  0:00:22  0:03:27 32.0M
 10 7255M   10  742M    0     0  31.7M      0  0:03:48  0:00:23  0:03:25 33.1M
 10 7255M   10  777M    0     0  31.9M      0  0:03:47  0:00:24  0:03:23 33.7M
 11 7255M   11  811M    0     0  32.0M      0  0:03:46  0:00:25  0:03:21 34.1M
 11 7255M   11  847M    0     0  32.1M      0  0:03:45  0:00:26  0:03:19 34.6M
 11 7255M   11  869M    0     0  31.7M      0  0:03:48  0:00:27  0:03:21 32.3M
 12 7255M   12  884M    0     0  31.1M      0  0:03:52  0:00:28  0:03:24 28.3M
 12 7255M   12  898M    0     0  30.6M      0  0:03:57  0:00:29  0:03:28 24.2M
 12 7255M   12  913M    0     0  30.0M      0  0:04:01  0:00:30  0:03:31 20.3M
 12 7255M   12  928M    0     0  29.6M      0  0:04:04  0:00:31  0:03:33 16.3M
 13 7255M   13  944M    0     0  29.1M      0  0:04:08  0:00:32  0:03:36 14.9M
 13 7255M   13  960M    0     0  28.7M      0  0:04:12  0:00:33  0:03:39 15.1M
 13 7255M   13  975M    0     0  28.3M      0  0:04:15  0:00:34  0:03:41 15.4M
 13 7255M   13  991M    0     0  28.0M      0  0:04:18  0:00:35  0:03:43 15.5M
 13 7255M   13 1007M    0     0  27.7M      0  0:04:21  0:00:36  0:03:45 15.7M
 14 7255M   14 1023M    0     0  27.3M      0  0:04:24  0:00:37  0:03:47 15.8M
 14 7255M   14 1039M    0     0  27.0M      0  0:04:27  0:00:38  0:03:49 15.8M
 14 7255M   14 1055M    0     0  26.8M      0  0:04:30  0:00:39  0:03:51 16.0M
 14 7255M   14 1072M    0     0  26.5M      0  0:04:33  0:00:40  0:03:53 16.0M
 15 7255M   15 1089M    0     0  26.3M      0  0:04:35  0:00:41  0:03:54 16.2M
 15 7255M   15 1107M    0     0  26.1M      0  0:04:37  0:00:42  0:03:55 16.7M
 15 7255M   15 1126M    0     0  25.9M      0  0:04:39  0:00:43  0:03:56 17.4M
 15 7255M   15 1143M    0     0  25.7M      0  0:04:41  0:00:44  0:03:57 17.6M
 15 7255M   15 1159M    0     0  25.5M      0  0:04:43  0:00:45  0:03:58 17.5M
 16 7255M   16 1177M    0     0  25.3M      0  0:04:45  0:00:46  0:03:59 17.6M
 16 7255M   16 1195M    0     0  25.2M      0  0:04:47  0:00:47  0:04:00 17.5M
 16 7255M   16 1213M    0     0  25.0M      0  0:04:49  0:00:48  0:04:01 17.3M
 16 7255M   16 1228M    0     0  24.8M      0  0:04:51  0:00:49  0:04:02 16.7M
 17 7255M   17 1239M    0     0  24.6M      0  0:04:54  0:00:50  0:04:04 15.9M
 17 7255M   17 1250M    0     0  24.3M      0  0:04:57  0:00:51  0:04:06 14.7M
 17 7255M   17 1262M    0     0  24.1M      0  0:05:00  0:00:52  0:04:08 13.4M
 17 7255M   17 1274M    0     0  23.8M      0  0:05:03  0:00:53  0:04:10 12.3M
 17 7255M   17 1287M    0     0  23.6M      0  0:05:06  0:00:54  0:04:12 11.8M
 17 7255M   17 1300M    0     0  23.4M      0  0:05:08  0:00:55  0:04:13 12.1M
 18 7255M   18 1312M    0     0  23.2M      0  0:05:11  0:00:56  0:04:15 12.3M
 18 7255M   18 1324M    0     0  23.0M      0  0:05:14  0:00:57  0:04:17 12.4M
 18 7255M   18 1337M    0     0  22.9M      0  0:05:16  0:00:58  0:04:18 12.4M
 18 7255M   18 1349M    0     0  22.7M      0  0:05:19  0:00:59  0:04:20 12.5M
 18 7255M   18 1362M    0     0  22.5M      0  0:05:21  0:01:00  0:04:21 12.5M
 18 7255M   18 1374M    0     0  22.4M      0  0:05:23  0:01:01  0:04:22 12.4M
 19 7255M   19 1383M    0     0  22.1M      0  0:05:27  0:01:02  0:04:25 11.7M
 19 7255M   19 1391M    0     0  21.9M      0  0:05:30  0:01:03  0:04:27 10.8M
 19 7255M   19 1399M    0     0  21.7M      0  0:05:33  0:01:04  0:04:29  9.9M
 19 7255M   19 1408M    0     0  21.5M      0  0:05:36  0:01:05  0:04:31 9295k
 19 7255M   19 1416M    0     0  21.3M      0  0:05:39  0:01:06  0:04:33 8557k
 19 7255M   19 1425M    0     0  21.1M      0  0:05:42  0:01:07  0:04:35 8503k
 19 7255M   19 1434M    0     0  20.9M      0  0:05:45  0:01:08  0:04:37 8760k
 19 7255M   19 1442M    0     0  20.8M      0  0:05:48  0:01:09  0:04:39 8867k
 20 7255M   20 1451M    0     0  20.6M      0  0:05:51  0:01:10  0:04:41 8861k
 20 7255M   20 1460M    0     0  20.4M      0  0:05:54  0:01:11  0:04:43 8911k
 20 7255M   20 1469M    0     0  20.3M      0  0:05:57  0:01:12  0:04:45 9017k
 20 7255M   20 1478M    0     0  20.1M      0  0:05:59  0:01:13  0:04:46 9184k
 20 7255M   20 1489M    0     0  20.0M      0  0:06:02  0:01:14  0:04:48 9520k
 20 7255M   20 1500M    0     0  19.9M      0  0:06:04  0:01:15  0:04:49  9.8M
 20 7255M   20 1512M    0     0  19.8M      0  0:06:06  0:01:16  0:04:50 10.4M
 21 7255M   21 1526M    0     0  19.7M      0  0:06:07  0:01:17  0:04:50 11.4M
 21 7255M   21 1542M    0     0  19.6M      0  0:06:08  0:01:18  0:04:50 12.6M
 21 7255M   21 1560M    0     0  19.6M      0  0:06:09  0:01:19  0:04:50 14.2M
 21 7255M   21 1580M    0     0  19.6M      0  0:06:08  0:01:20  0:04:48 16.1M
 22 7255M   22 1606M    0     0  19.7M      0  0:06:07  0:01:21  0:04:46 18.7M
 22 7255M   22 1632M    0     0  19.8M      0  0:06:06  0:01:22  0:04:44 21.2M
 22 7255M   22 1654M    0     0  19.8M      0  0:06:05  0:01:23  0:04:42 22.5M
 23 7255M   23 1678M    0     0  19.9M      0  0:06:04  0:01:24  0:04:40 23.6M
 23 7255M   23 1705M    0     0  19.9M      0  0:06:03  0:01:25  0:04:38 24.7M
 23 7255M   23 1731M    0     0  20.0M      0  0:06:01  0:01:26  0:04:35 25.1M
 24 7255M   24 1759M    0     0  20.1M      0  0:06:00  0:01:27  0:04:33 25.4M
 24 7255M   24 1789M    0     0  20.2M      0  0:05:58  0:01:28  0:04:30 26.8M
 25 7255M   25 1818M    0     0  20.3M      0  0:05:56  0:01:29  0:04:27 27.8M
 25 7255M   25 1844M    0     0  20.4M      0  0:05:55  0:01:30  0:04:25 27.9M
 25 7255M   25 1865M    0     0  20.4M      0  0:05:55  0:01:31  0:04:24 26.8M
 26 7255M   26 1889M    0     0  20.4M      0  0:05:54  0:01:32  0:04:22 25.8M
 26 7255M   26 1912M    0     0  20.4M      0  0:05:54  0:01:33  0:04:21 24.6M
 26 7255M   26 1933M    0     0  20.4M      0  0:05:54  0:01:34  0:04:20 23.2M
 26 7255M   26 1952M    0     0  20.4M      0  0:05:54  0:01:35  0:04:19 21.5M
 27 7255M   27 1968M    0     0  20.4M      0  0:05:55  0:01:36  0:04:19 20.4M
 27 7255M   27 1982M    0     0  20.3M      0  0:05:56  0:01:37  0:04:19 18.6M
 27 7255M   27 1997M    0     0  20.3M      0  0:05:57  0:01:38  0:04:19 16.9M
 27 7255M   27 2013M    0     0  20.2M      0  0:05:58  0:01:39  0:04:19 15.8M
 27 7255M   27 2029M    0     0  20.2M      0  0:05:58  0:01:40  0:04:18 15.3M
 28 7255M   28 2045M    0     0  20.1M      0  0:05:59  0:01:41  0:04:18 15.4M
 28 7255M   28 2061M    0     0  20.1M      0  0:06:00  0:01:42  0:04:18 15.7M
 28 7255M   28 2077M    0     0  20.1M      0  0:06:00  0:01:43  0:04:17 16.0M
 28 7255M   28 2089M    0     0  20.0M      0  0:06:02  0:01:44  0:04:18 15.3M
 28 7255M   28 2103M    0     0  19.9M      0  0:06:03  0:01:45  0:04:18 14.8M
 29 7255M   29 2117M    0     0  19.9M      0  0:06:04  0:01:46  0:04:18 14.3M
 29 7255M   29 2128M    0     0  19.8M      0  0:06:05  0:01:47  0:04:18 13.4M
 29 7255M   29 2140M    0     0  19.7M      0  0:06:07  0:01:48  0:04:19 12.5M
 29 7255M   29 2152M    0     0  19.6M      0  0:06:08  0:01:49  0:04:19 12.4M
 29 7255M   29 2164M    0     0  19.6M      0  0:06:09  0:01:50  0:04:19 12.2M
 30 7255M   30 2177M    0     0  19.5M      0  0:06:11  0:01:51  0:04:20 11.9M
 30 7255M   30 2189M    0     0  19.4M      0  0:06:12  0:01:52  0:04:20 12.1M
 30 7255M   30 2202M    0     0  19.4M      0  0:06:13  0:01:53  0:04:20 12.3M
 30 7255M   30 2215M    0     0  19.3M      0  0:06:14  0:01:54  0:04:20 12.5M
 30 7255M   30 2227M    0     0  19.3M      0  0:06:15  0:01:55  0:04:20 12.6M
 30 7255M   30 2240M    0     0  19.2M      0  0:06:16  0:01:56  0:04:20 12.6M
 31 7255M   31 2253M    0     0  19.1M      0  0:06:17  0:01:57  0:04:20 12.7M
 31 7255M   31 2266M    0     0  19.1M      0  0:06:18  0:01:58  0:04:20 12.8M
 31 7255M   31 2280M    0     0  19.1M      0  0:06:19  0:01:59  0:04:20 13.0M
 31 7255M   31 2294M    0     0  19.0M      0  0:06:20  0:02:00  0:04:20 13.3M
 31 7255M   31 2310M    0     0  19.0M      0  0:06:21  0:02:01  0:04:20 14.0M
 32 7255M   32 2327M    0     0  19.0M      0  0:06:21  0:02:02  0:04:19 14.7M
 32 7255M   32 2346M    0     0  19.0M      0  0:06:21  0:02:03  0:04:18 15.9M
 32 7255M   32 2366M    0     0  19.0M      0  0:06:21  0:02:04  0:04:17 17.2M
 32 7255M   32 2389M    0     0  19.0M      0  0:06:20  0:02:05  0:04:15 19.0M
 33 7255M   33 2416M    0     0  19.1M      0  0:06:19  0:02:06  0:04:13 21.1M
 33 7255M   33 2447M    0     0  19.2M      0  0:06:17  0:02:07  0:04:10 24.0M
 34 7255M   34 2480M    0     0  19.3M      0  0:06:15  0:02:08  0:04:07 27.0M
 34 7255M   34 2504M    0     0  19.3M      0  0:06:14  0:02:09  0:04:05 27.5M
 34 7255M   34 2524M    0     0  19.3M      0  0:06:14  0:02:10  0:04:04 26.8M
 35 7255M   35 2544M    0     0  19.3M      0  0:06:14  0:02:11  0:04:03 25.7M
 35 7255M   35 2566M    0     0  19.3M      0  0:06:14  0:02:12  0:04:02 23.8M
 35 7255M   35 2588M    0     0  19.4M      0  0:06:13  0:02:13  0:04:00 21.4M
 35 7255M   35 2611M    0     0  19.4M      0  0:06:13  0:02:14  0:03:59 21.5M
 36 7255M   36 2622M    0     0  19.3M      0  0:06:14  0:02:15  0:03:59 19.6M
 36 7255M   36 2630M    0     0  19.2M      0  0:06:16  0:02:16  0:04:00 17.1M
 36 7255M   36 2639M    0     0  19.2M      0  0:06:17  0:02:17  0:04:00 14.6M
 36 7255M   36 2648M    0     0  19.1M      0  0:06:19  0:02:18  0:04:01 12.0M
 36 7255M   36 2658M    0     0  19.0M      0  0:06:20  0:02:19  0:04:01 9534k
 36 7255M   36 2667M    0     0  19.0M      0  0:06:21  0:02:20  0:04:01 9309k
 36 7255M   36 2677M    0     0  18.9M      0  0:06:23  0:02:21  0:04:02 9547k
 37 7255M   37 2686M    0     0  18.8M      0  0:06:24  0:02:22  0:04:02 9639k
 37 7255M   37 2696M    0     0  18.8M      0  0:06:25  0:02:23  0:04:02 9695k
 37 7255M   37 2705M    0     0  18.7M      0  0:06:27  0:02:24  0:04:03 9740k
 37 7255M   37 2715M    0     0  18.6M      0  0:06:28  0:02:25  0:04:03 9796k
 37 7255M   37 2726M    0     0  18.6M      0  0:06:29  0:02:26  0:04:03 9987k
 37 7255M   37 2737M    0     0  18.5M      0  0:06:30  0:02:27  0:04:03 10.0M
 37 7255M   37 2748M    0     0  18.5M      0  0:06:31  0:02:28  0:04:03 10.5M
 38 7255M   38 2761M    0     0  18.4M      0  0:06:32  0:02:29  0:04:03 11.1M
 38 7255M   38 2776M    0     0  18.4M      0  0:06:32  0:02:30  0:04:02 12.1M
 38 7255M   38 2792M    0     0  18.4M      0  0:06:33  0:02:31  0:04:02 13.2M
 38 7255M   38 2811M    0     0  18.4M      0  0:06:33  0:02:32  0:04:01 14.9M
 39 7255M   39 2833M    0     0  18.4M      0  0:06:32  0:02:33  0:03:59 16.9M
 39 7255M   39 2858M    0     0  18.5M      0  0:06:31  0:02:34  0:03:57 19.2M
 39 7255M   39 2883M    0     0  18.5M      0  0:06:30  0:02:35  0:03:55 21.5M
 40 7255M   40 2906M    0     0  18.5M      0  0:06:30  0:02:36  0:03:54 22.6M
 40 7255M   40 2923M    0     0  18.5M      0  0:06:30  0:02:37  0:03:53 22.2M
 40 7255M   40 2941M    0     0  18.5M      0  0:06:30  0:02:38  0:03:52 21.6M
 40 7255M   40 2960M    0     0  18.5M      0  0:06:30  0:02:39  0:03:51 20.4M
 41 7255M   41 2979M    0     0  18.5M      0  0:06:30  0:02:40  0:03:50 19.1M
 41 7255M   41 2997M    0     0  18.5M      0  0:06:30  0:02:41  0:03:49 18.2M
 41 7255M   41 3005M    0     0  18.5M      0  0:06:31  0:02:42  0:03:49 16.4M
 41 7255M   41 3013M    0     0  18.4M      0  0:06:33  0:02:43  0:03:50 14.3M
 41 7255M   41 3021M    0     0  18.3M      0  0:06:34  0:02:44  0:03:50 12.1M
 41 7255M   41 3029M    0     0  18.3M      0  0:06:36  0:02:45  0:03:51 10.0M
 41 7255M   41 3038M    0     0  18.2M      0  0:06:37  0:02:46  0:03:51 8295k
 41 7255M   41 3046M    0     0  18.2M      0  0:06:38  0:02:47  0:03:51 8331k
 42 7255M   42 3054M    0     0  18.1M      0  0:06:39  0:02:48  0:03:51 8463k
 42 7255M   42 3063M    0     0  18.0M      0  0:06:41  0:02:49  0:03:52 8536k
 42 7255M   42 3071M    0     0  18.0M      0  0:06:42  0:02:50  0:03:52 8501k
 42 7255M   42 3080M    0     0  17.9M      0  0:06:43  0:02:51  0:03:52 8646k
 42 7255M   42 3087M    0     0  17.9M      0  0:06:45  0:02:52  0:03:53 8383k
 42 7255M   42 3094M    0     0  17.8M      0  0:06:46  0:02:53  0:03:53 8184k
 42 7255M   42 3102M    0     0  17.7M      0  0:06:47  0:02:54  0:03:53 8087k
 42 7255M   42 3110M    0     0  17.7M      0  0:06:49  0:02:55  0:03:54 8085k
 42 7255M   42 3119M    0     0  17.6M      0  0:06:50  0:02:56  0:03:54 7996k
 43 7255M   43 3128M    0     0  17.6M      0  0:06:51  0:02:57  0:03:54 8347k
 43 7255M   43 3137M    0     0  17.5M      0  0:06:52  0:02:58  0:03:54 8733k
 43 7255M   43 3146M    0     0  17.5M      0  0:06:53  0:02:59  0:03:54 8943k
 43 7255M   43 3154M    0     0  17.4M      0  0:06:54  0:03:00  0:03:54 9024k
 43 7255M   43 3163M    0     0  17.4M      0  0:06:55  0:03:01  0:03:54 9083k
 43 7255M   43 3172M    0     0  17.3M      0  0:06:57  0:03:02  0:03:55 9120k
 43 7255M   43 3181M    0     0  17.3M      0  0:06:58  0:03:03  0:03:55 9146k
 43 7255M   43 3191M    0     0  17.3M      0  0:06:59  0:03:04  0:03:55 9304k
 44 7255M   44 3201M    0     0  17.2M      0  0:07:00  0:03:05  0:03:55 9620k
 44 7255M   44 3213M    0     0  17.2M      0  0:07:00  0:03:06  0:03:54  9.8M
 44 7255M   44 3226M    0     0  17.2M      0  0:07:01  0:03:07  0:03:54 10.6M
 44 7255M   44 3240M    0     0  17.2M      0  0:07:01  0:03:08  0:03:53 11.6M
 44 7255M   44 3256M    0     0  17.1M      0  0:07:02  0:03:09  0:03:53 12.8M
 45 7255M   45 3274M    0     0  17.1M      0  0:07:01  0:03:10  0:03:51 14.4M
 45 7255M   45 3295M    0     0  17.2M      0  0:07:01  0:03:11  0:03:50 16.4M
 45 7255M   45 3319M    0     0  17.2M      0  0:07:00  0:03:12  0:03:48 18.8M
 46 7255M   46 3348M    0     0  17.3M      0  0:06:59  0:03:13  0:03:46 21.6M
 46 7255M   46 3380M    0     0  17.3M      0  0:06:57  0:03:14  0:03:43 25.0M
 47 7255M   47 3410M    0     0  17.4M      0  0:06:55  0:03:15  0:03:40 27.4M
 47 7255M   47 3441M    0     0  17.5M      0  0:06:54  0:03:16  0:03:38 29.1M
 47 7255M   47 3471M    0     0  17.5M      0  0:06:52  0:03:17  0:03:35 30.3M
 48 7255M   48 3504M    0     0  17.6M      0  0:06:50  0:03:18  0:03:32 31.2M
 48 7255M   48 3538M    0     0  17.7M      0  0:06:48  0:03:19  0:03:29 31.4M
 49 7255M   49 3573M    0     0  17.8M      0  0:06:46  0:03:20  0:03:26 32.3M
 49 7255M   49 3604M    0     0  17.9M      0  0:06:45  0:03:21  0:03:24 32.7M
 50 7255M   50 3632M    0     0  17.9M      0  0:06:44  0:03:22  0:03:22 32.1M
 50 7255M   50 3659M    0     0  17.9M      0  0:06:43  0:03:23  0:03:20 31.0M
 50 7255M   50 3688M    0     0  18.0M      0  0:06:41  0:03:24  0:03:17 30.2M
 51 7255M   51 3718M    0     0  18.1M      0  0:06:40  0:03:25  0:03:15 29.1M
 51 7255M   51 3748M    0     0  18.1M      0  0:06:39  0:03:26  0:03:13 28.8M
 52 7255M   52 3779M    0     0  18.2M      0  0:06:38  0:03:27  0:03:11 29.4M
 52 7255M   52 3809M    0     0  18.2M      0  0:06:36  0:03:28  0:03:08 30.0M
 52 7255M   52 3840M    0     0  18.3M      0  0:06:35  0:03:29  0:03:06 30.2M
 53 7255M   53 3871M    0     0  18.4M      0  0:06:34  0:03:30  0:03:04 30.4M
 53 7255M   53 3902M    0     0  18.4M      0  0:06:32  0:03:31  0:03:01 30.7M
 54 7255M   54 3933M    0     0  18.5M      0  0:06:31  0:03:32  0:02:59 30.7M
 54 7255M   54 3963M    0     0  18.5M      0  0:06:30  0:03:33  0:02:57 30.8M
 55 7255M   55 3995M    0     0  18.6M      0  0:06:29  0:03:34  0:02:55 30.9M
 55 7255M   55 4026M    0     0  18.6M      0  0:06:28  0:03:35  0:02:53 31.1M
 55 7255M   55 4058M    0     0  18.7M      0  0:06:26  0:03:36  0:02:50 31.3M
 56 7255M   56 4091M    0     0  18.8M      0  0:06:25  0:03:37  0:02:48 31.7M
 56 7255M   56 4125M    0     0  18.8M      0  0:06:24  0:03:38  0:02:46 32.2M
 57 7255M   57 4160M    0     0  18.9M      0  0:06:22  0:03:39  0:02:43 33.0M
 57 7255M   57 4197M    0     0  19.0M      0  0:06:20  0:03:40  0:02:40 34.1M
 58 7255M   58 4236M    0     0  19.1M      0  0:06:19  0:03:41  0:02:38 35.5M
 58 7255M   58 4277M    0     0  19.2M      0  0:06:17  0:03:42  0:02:35 37.1M
 59 7255M   59 4320M    0     0  19.3M      0  0:06:15  0:03:43  0:02:32 39.0M
 60 7255M   60 4357M    0     0  19.4M      0  0:06:13  0:03:44  0:02:29 39.3M
 60 7255M   60 4388M    0     0  19.4M      0  0:06:12  0:03:45  0:02:27 38.0M
 60 7255M   60 4416M    0     0  19.5M      0  0:06:11  0:03:46  0:02:25 35.9M
 61 7255M   61 4446M    0     0  19.5M      0  0:06:11  0:03:47  0:02:24 33.5M
 61 7255M   61 4476M    0     0  19.5M      0  0:06:10  0:03:48  0:02:22 30.9M
 62 7255M   62 4506M    0     0  19.6M      0  0:06:09  0:03:49  0:02:20 29.7M
 62 7255M   62 4537M    0     0  19.6M      0  0:06:08  0:03:50  0:02:18 29.8M
 62 7255M   62 4568M    0     0  19.7M      0  0:06:07  0:03:51  0:02:16 30.4M
 63 7255M   63 4599M    0     0  19.7M      0  0:06:06  0:03:52  0:02:14 30.8M
 63 7255M   63 4630M    0     0  19.8M      0  0:06:05  0:03:53  0:02:12 31.1M
 64 7255M   64 4662M    0     0  19.8M      0  0:06:04  0:03:54  0:02:10 31.2M
 64 7255M   64 4694M    0     0  19.9M      0  0:06:03  0:03:55  0:02:08 31.5M
 65 7255M   65 4726M    0     0  19.9M      0  0:06:02  0:03:56  0:02:06 31.5M
 65 7255M   65 4757M    0     0  20.0M      0  0:06:01  0:03:57  0:02:04 31.6M
 66 7255M   66 4790M    0     0  20.0M      0  0:06:01  0:03:58  0:02:03 31.8M
 66 7255M   66 4820M    0     0  20.1M      0  0:06:00  0:03:59  0:02:01 31.7M
 66 7255M   66 4844M    0     0  20.1M      0  0:05:59  0:04:00  0:01:59 30.0M
 67 7255M   67 4871M    0     0  20.1M      0  0:05:59  0:04:01  0:01:58 28.9M
 67 7255M   67 4898M    0     0  20.2M      0  0:05:58  0:04:02  0:01:56 28.2M
 67 7255M   67 4920M    0     0  20.2M      0  0:05:58  0:04:03  0:01:55 26.0M
 68 7255M   68 4942M    0     0  20.2M      0  0:05:58  0:04:04  0:01:54 24.3M
 68 7255M   68 4966M    0     0  20.2M      0  0:05:58  0:04:05  0:01:53 24.2M
 68 7255M   68 4987M    0     0  20.2M      0  0:05:58  0:04:06  0:01:52 23.2M
 68 7255M   68 5005M    0     0  20.2M      0  0:05:58  0:04:07  0:01:51 21.2M
 69 7255M   69 5023M    0     0  20.2M      0  0:05:58  0:04:08  0:01:50 20.6M
 69 7255M   69 5042M    0     0  20.2M      0  0:05:58  0:04:09  0:01:49 20.0M
 69 7255M   69 5062M    0     0  20.2M      0  0:05:58  0:04:10  0:01:48 19.2M
 70 7255M   70 5082M    0     0  20.2M      0  0:05:58  0:04:11  0:01:47 18.9M
 70 7255M   70 5102M    0     0  20.2M      0  0:05:58  0:04:12  0:01:46 19.4M
 70 7255M   70 5122M    0     0  20.2M      0  0:05:58  0:04:13  0:01:45 19.7M
 70 7255M   70 5143M    0     0  20.2M      0  0:05:58  0:04:14  0:01:44 20.0M
 71 7255M   71 5163M    0     0  20.2M      0  0:05:58  0:04:15  0:01:43 20.2M
 71 7255M   71 5183M    0     0  20.2M      0  0:05:58  0:04:16  0:01:42 20.2M
 71 7255M   71 5203M    0     0  20.2M      0  0:05:58  0:04:17  0:01:41 20.3M
 72 7255M   72 5224M    0     0  20.2M      0  0:05:58  0:04:18  0:01:40 20.4M
 72 7255M   72 5245M    0     0  20.2M      0  0:05:58  0:04:19  0:01:39 20.4M
 72 7255M   72 5266M    0     0  20.2M      0  0:05:58  0:04:20  0:01:38 20.6M
 72 7255M   72 5289M    0     0  20.2M      0  0:05:58  0:04:21  0:01:37 21.1M
 73 7255M   73 5312M    0     0  20.2M      0  0:05:58  0:04:22  0:01:36 21.7M
 73 7255M   73 5338M    0     0  20.2M      0  0:05:57  0:04:23  0:01:34 22.7M
 73 7255M   73 5366M    0     0  20.2M      0  0:05:57  0:04:24  0:01:33 24.1M
 74 7255M   74 5395M    0     0  20.3M      0  0:05:56  0:04:25  0:01:31 25.6M
 74 7255M   74 5418M    0     0  20.3M      0  0:05:56  0:04:26  0:01:30 25.7M
 75 7255M   75 5442M    0     0  20.3M      0  0:05:56  0:04:27  0:01:29 25.9M
 75 7255M   75 5468M    0     0  20.3M      0  0:05:56  0:04:28  0:01:28 26.1M
 75 7255M   75 5496M    0     0  20.4M      0  0:05:55  0:04:29  0:01:26 26.0M
 76 7255M   76 5525M    0     0  20.4M      0  0:05:55  0:04:30  0:01:25 26.0M
 76 7255M   76 5554M    0     0  20.4M      0  0:05:54  0:04:31  0:01:23 27.2M
 76 7255M   76 5584M    0     0  20.5M      0  0:05:53  0:04:32  0:01:21 28.3M
 77 7255M   77 5616M    0     0  20.5M      0  0:05:53  0:04:33  0:01:20 29.5M
 77 7255M   77 5646M    0     0  20.5M      0  0:05:52  0:04:34  0:01:18 30.0M
 78 7255M   78 5677M    0     0  20.6M      0  0:05:51  0:04:35  0:01:16 30.4M
 78 7255M   78 5708M    0     0  20.6M      0  0:05:51  0:04:36  0:01:15 30.7M
 79 7255M   79 5738M    0     0  20.6M      0  0:05:50  0:04:37  0:01:13 30.8M
 79 7255M   79 5769M    0     0  20.7M      0  0:05:50  0:04:38  0:01:12 30.6M
 79 7255M   79 5800M    0     0  20.7M      0  0:05:49  0:04:39  0:01:10 30.7M
 80 7255M   80 5831M    0     0  20.7M      0  0:05:48  0:04:40  0:01:08 30.7M
 80 7255M   80 5862M    0     0  20.8M      0  0:05:48  0:04:41  0:01:07 30.8M
 81 7255M   81 5895M    0     0  20.8M      0  0:05:47  0:04:42  0:01:05 31.3M
 81 7255M   81 5928M    0     0  20.9M      0  0:05:46  0:04:43  0:01:03 31.7M
 82 7255M   82 5961M    0     0  20.9M      0  0:05:46  0:04:44  0:01:02 32.3M
 82 7255M   82 5996M    0     0  21.0M      0  0:05:45  0:04:45  0:01:00 33.1M
 83 7255M   83 6033M    0     0  21.0M      0  0:05:44  0:04:46  0:00:58 34.0M
 83 7255M   83 6061M    0     0  21.0M      0  0:05:44  0:04:47  0:00:57 33.0M
 83 7255M   83 6084M    0     0  21.1M      0  0:05:43  0:04:48  0:00:55 31.3M
 84 7255M   84 6106M    0     0  21.1M      0  0:05:43  0:04:49  0:00:54 29.0M
 84 7255M   84 6130M    0     0  21.1M      0  0:05:43  0:04:50  0:00:53 26.6M
 84 7255M   84 6153M    0     0  21.1M      0  0:05:43  0:04:51  0:00:52 24.1M
 85 7255M   85 6178M    0     0  21.1M      0  0:05:43  0:04:52  0:00:51 23.4M
 85 7255M   85 6197M    0     0  21.1M      0  0:05:43  0:04:53  0:00:50 22.5M
 85 7255M   85 6216M    0     0  21.1M      0  0:05:43  0:04:54  0:00:49 21.9M
 85 7255M   85 6233M    0     0  21.1M      0  0:05:43  0:04:55  0:00:48 20.7M
 86 7255M   86 6248M    0     0  21.0M      0  0:05:44  0:04:56  0:00:48 18.8M
 86 7255M   86 6260M    0     0  21.0M      0  0:05:44  0:04:57  0:00:47 16.4M
 86 7255M   86 6272M    0     0  21.0M      0  0:05:45  0:04:58  0:00:47 14.9M
 86 7255M   86 6284M    0     0  20.9M      0  0:05:45  0:04:59  0:00:46 13.5M
 86 7255M   86 6297M    0     0  20.9M      0  0:05:46  0:05:00  0:00:46 12.7M
 86 7255M   86 6310M    0     0  20.9M      0  0:05:46  0:05:01  0:00:45 12.4M
 87 7255M   87 6319M    0     0  20.8M      0  0:05:47  0:05:02  0:00:45 11.6M
 87 7255M   87 6323M    0     0  20.8M      0  0:05:48  0:05:03  0:00:45 10.3M
 87 7255M   87 6329M    0     0  20.7M      0  0:05:48  0:05:04  0:00:44 9119k
 87 7255M   87 6334M    0     0  20.7M      0  0:05:49  0:05:05  0:00:44 7713k
 87 7255M   87 6340M    0     0  20.6M      0  0:05:50  0:05:06  0:00:44 6250k
 87 7255M   87 6346M    0     0  20.6M      0  0:05:51  0:05:07  0:00:44 5632k
 87 7255M   87 6352M    0     0  20.5M      0  0:05:52  0:05:08  0:00:44 5789k
 87 7255M   87 6357M    0     0  20.5M      0  0:05:53  0:05:09  0:00:44 5882k
 87 7255M   87 6363M    0     0  20.5M      0  0:05:53  0:05:10  0:00:43 5915k
 87 7255M   87 6369M    0     0  20.4M      0  0:05:54  0:05:11  0:00:43 5967k
 87 7255M   87 6376M    0     0  20.4M      0  0:05:55  0:05:12  0:00:43 6082k
 87 7255M   87 6382M    0     0  20.3M      0  0:05:56  0:05:13  0:00:43 6294k
 88 7255M   88 6390M    0     0  20.3M      0  0:05:56  0:05:14  0:00:42 6644k
 88 7255M   88 6398M    0     0  20.2M      0  0:05:57  0:05:15  0:00:42 7155k
 88 7255M   88 6408M    0     0  20.2M      0  0:05:58  0:05:16  0:00:42 7925k
 88 7255M   88 6419M    0     0  20.2M      0  0:05:58  0:05:17  0:00:41 8945k
 88 7255M   88 6430M    0     0  20.1M      0  0:05:59  0:05:18  0:00:41 9730k
 88 7255M   88 6440M    0     0  20.1M      0  0:05:59  0:05:19  0:00:40 10.0M
 88 7255M   88 6452M    0     0  20.1M      0  0:06:00  0:05:20  0:00:40 10.6M
 89 7255M   89 6463M    0     0  20.1M      0  0:06:00  0:05:21  0:00:39 11.1M
 89 7255M   89 6476M    0     0  20.0M      0  0:06:01  0:05:22  0:00:39 11.3M
 89 7255M   89 6489M    0     0  20.0M      0  0:06:01  0:05:23  0:00:38 11.8M
 89 7255M   89 6502M    0     0  20.0M      0  0:06:01  0:05:24  0:00:37 12.3M
 89 7255M   89 6515M    0     0  20.0M      0  0:06:02  0:05:25  0:00:37 12.6M
 89 7255M   89 6528M    0     0  20.0M      0  0:06:02  0:05:26  0:00:36 12.8M
 90 7255M   90 6541M    0     0  19.9M      0  0:06:03  0:05:27  0:00:36 12.8M
 90 7255M   90 6554M    0     0  19.9M      0  0:06:03  0:05:28  0:00:35 12.9M
 90 7255M   90 6567M    0     0  19.9M      0  0:06:03  0:05:29  0:00:34 12.9M
 90 7255M   90 6580M    0     0  19.9M      0  0:06:04  0:05:30  0:00:34 13.1M
 90 7255M   90 6594M    0     0  19.9M      0  0:06:04  0:05:31  0:00:33 13.2M
 91 7255M   91 6609M    0     0  19.8M      0  0:06:04  0:05:32  0:00:32 13.6M
 91 7255M   91 6624M    0     0  19.8M      0  0:06:05  0:05:33  0:00:32 14.0M
 91 7255M   91 6641M    0     0  19.8M      0  0:06:05  0:05:34  0:00:31 14.8M
 91 7255M   91 6659M    0     0  19.8M      0  0:06:05  0:05:35  0:00:30 15.6M
 92 7255M   92 6679M    0     0  19.8M      0  0:06:05  0:05:36  0:00:29 16.8M
 92 7255M   92 6701M    0     0  19.8M      0  0:06:05  0:05:37  0:00:28 18.4M
 92 7255M   92 6727M    0     0  19.8M      0  0:06:04  0:05:38  0:00:26 20.5M
 93 7255M   93 6752M    0     0  19.8M      0  0:06:04  0:05:39  0:00:25 22.2M
 93 7255M   93 6774M    0     0  19.9M      0  0:06:04  0:05:40  0:00:24 23.0M
 93 7255M   93 6798M    0     0  19.9M      0  0:06:04  0:05:41  0:00:23 23.8M
 94 7255M   94 6824M    0     0  19.9M      0  0:06:04  0:05:42  0:00:22 24.5M
 94 7255M   94 6851M    0     0  19.9M      0  0:06:03  0:05:43  0:00:20 24.8M
 94 7255M   94 6878M    0     0  19.9M      0  0:06:03  0:05:44  0:00:19 25.3M
 95 7255M   95 6907M    0     0  20.0M      0  0:06:02  0:05:45  0:00:17 26.6M
 95 7255M   95 6934M    0     0  20.0M      0  0:06:02  0:05:46  0:00:16 27.2M
 95 7255M   95 6956M    0     0  20.0M      0  0:06:02  0:05:47  0:00:15 26.3M
 96 7255M   96 6978M    0     0  20.0M      0  0:06:02  0:05:48  0:00:14 25.3M
 96 7255M   96 7001M    0     0  20.0M      0  0:06:02  0:05:49  0:00:13 24.4M
 96 7255M   96 7024M    0     0  20.0M      0  0:06:01  0:05:50  0:00:11 23.5M
 97 7255M   97 7048M    0     0  20.0M      0  0:06:01  0:05:51  0:00:10 22.8M
 97 7255M   97 7064M    0     0  20.0M      0  0:06:01  0:05:52  0:00:09 21.8M
 97 7255M   97 7073M    0     0  20.0M      0  0:06:02  0:05:53  0:00:09 19.1M
 97 7255M   97 7083M    0     0  19.9M      0  0:06:02  0:05:54  0:00:08 16.4M
 97 7255M   97 7093M    0     0  19.9M      0  0:06:03  0:05:55  0:00:08 13.7M
 97 7255M   97 7103M    0     0  19.9M      0  0:06:04  0:05:56  0:00:08 10.9M
 98 7255M   98 7114M    0     0  19.9M      0  0:06:04  0:05:57  0:00:07  9.8M
 98 7255M   98 7124M    0     0  19.8M      0  0:06:04  0:05:58  0:00:06 10.1M
 98 7255M   98 7134M    0     0  19.8M      0  0:06:05  0:05:59  0:00:06 10.2M
 98 7255M   98 7145M    0     0  19.8M      0  0:06:05  0:06:00  0:00:05 10.2M
 98 7255M   98 7155M    0     0  19.8M      0  0:06:06  0:06:01  0:00:05 10.3M
 98 7255M   98 7166M    0     0  19.7M      0  0:06:06  0:06:02  0:00:04 10.5M
 98 7255M   98 7177M    0     0  19.7M      0  0:06:07  0:06:03  0:00:04 10.6M
 99 7255M   99 7188M    0     0  19.7M      0  0:06:07  0:06:04  0:00:03 10.7M
 99 7255M   99 7201M    0     0  19.7M      0  0:06:08  0:06:05  0:00:03 11.1M
 99 7255M   99 7214M    0     0  19.6M      0  0:06:08  0:06:06  0:00:02 11.7M
 99 7255M   99 7228M    0     0  19.6M      0  0:06:08  0:06:07  0:00:01 12.4M
 99 7255M   99 7245M    0     0  19.6M      0  0:06:08  0:06:08 --:--:-- 13.5M
100 7255M  100 7255M    0     0  19.6M      0  0:06:08  0:06:08 --:--:-- 14.6M
Archive size: 7.09 GiB
Archive MD5: 240a19d752f0d9e9101544901065d872
Dataset archive verification: PASS
Extracting imagesTr, labelsTr, and dataset.json...
/kaggle/working/brats_part1_prepare.py:126: DeprecationWarning: Python 3.14 will, by default, filter extracted tar archives and reject files or modify their metadata. Use the filter argument to control this behavior.
  tar.extract(member, destination)
Labelled-data extraction: PASS
Downloaded archive deleted after verified extraction.
Dataset: BRATS
Declared training cases: 484
Modalities: {'0': 'FLAIR', '1': 'T1w', '2': 't1gd', '3': 'T2w'}
Labels: {'0': 'background', '1': 'edema', '2': 'non-enhancing tumor', '3': 'enhancing tumour'}
Selected EMCAD input channels: {'FLAIR': 0, 'T1-Gd': 2, 'T2': 3}
dataset.json numTraining: 484
Canonical labelled pairs: 484
Raw imagesTr files on disk: 495
Raw labelsTr files on disk: 485
Unlisted imagesTr files ignored: 11
Unlisted labelsTr files ignored: 1
Canonical image/label pairing: PASS
Patient split: {'train': 388, 'val': 48, 'test': 48}
Patient leakage check: PASS
Audited 50/484 patients
Audited 100/484 patients
Audited 150/484 patients
Audited 200/484 patients
Audited 250/484 patients
Audited 300/484 patients
Audited 350/484 patients
Audited 400/484 patients
Audited 450/484 patients
Audited 484/484 patients
train patients=388 mean_tumour_fraction=0.011639 min=0.000816 max=0.035657
val   patients= 48 mean_tumour_fraction=0.010606 min=0.002295 max=0.029710
test  patients= 48 mean_tumour_fraction=0.011981 min=0.000950 max=0.024512
All-patient label audit: PASS
Cached 25/436 train/val patients
Cached 50/436 train/val patients
Cached 75/436 train/val patients
Cached 100/436 train/val patients
Cached 125/436 train/val patients
Cached 150/436 train/val patients
Cached 175/436 train/val patients
Cached 200/436 train/val patients
Cached 225/436 train/val patients
Cached 250/436 train/val patients
Cached 275/436 train/val patients
Cached 300/436 train/val patients
Cached 325/436 train/val patients
Cached 350/436 train/val patients
Cached 375/436 train/val patients
Cached 400/436 train/val patients
Cached 425/436 train/val patients
Cached 436/436 train/val patients
2D cache size: 1.64 GiB
Train/validation cache: PASS
Staged 10/48 test patients
Staged 20/48 test patients
Staged 30/48 test patients
Staged 40/48 test patients
Staged 48/48 test patients
Full-volume test set staging: PASS

========================================================================
BRATS PART 1 PREPARATION COMPLETE
========================================================================
Prepared archive: /kaggle/working/EMCAD_BraTS_Part1_Output.tar.gz
Prepared archive size: 0.61 GiB
Checksums: /kaggle/working/EMCAD_BraTS_Part1_SHA256SUMS.txt
No EMCAD training was performed.
========================================================================
Total Part 1 time: 21.0 minutes
